Copyright 1986-1999, 2001-2013 Xilinx, Inc. All Rights Reserved.
---------------------------------------------------------------------------------------
| Tool Version : Vivado v.2013.4 (win64) Build 353583 Mon Dec  9 17:49:19 MST 2013
| Date         : Thu Mar 13 02:40:02 2014
| Host         : DANA307-08 running 64-bit Service Pack 1  (build 7601)
| Command      : report_control_sets -verbose -file system_top_control_sets_placed.rpt
| Design       : system_top
| Device       : xc7z020
---------------------------------------------------------------------------------------

Control Set Information

Table of Contents
-----------------
1. Summary
2. Flip-Flop Distribution
3. Detailed Control Set Information

1. Summary
----------

+-------------------------------------------------------------------+-------+
|                               Status                              | Count |
+-------------------------------------------------------------------+-------+
| Number of unique control sets                                     |    50 |
| Minimum Number of register sites lost to control set restrictions |    97 |
+-------------------------------------------------------------------+-------+


2. Flip-Flop Distribution
-------------------------

+--------------+-----------------------+------------------------+-----------------+--------------+
| Clock Enable | Synchronous Set/Reset | Asynchronous Set/Reset | Total Registers | Total Slices |
+--------------+-----------------------+------------------------+-----------------+--------------+
| No           | No                    | No                     |             501 |          201 |
| No           | No                    | Yes                    |               0 |            0 |
| No           | Yes                   | No                     |              88 |           28 |
| Yes          | No                    | No                     |             438 |          137 |
| Yes          | No                    | Yes                    |               0 |            0 |
| Yes          | Yes                   | No                     |             100 |           42 |
+--------------+-----------------------+------------------------+-----------------+--------------+


3. Detailed Control Set Information
-----------------------------------

+----------------------------------------------------------------+-----------------------------------------------------------------------------------------------------------------------------------------+-----------------------------------------------------------------------------------------------------------------------------------------+------------------+----------------+
|                          Clock Signal                          |                                                              Enable Signal                                                              |                                                             Set/Reset Signal                                                            | Slice Load Count | Bel Load Count |
+----------------------------------------------------------------+-----------------------------------------------------------------------------------------------------------------------------------------+-----------------------------------------------------------------------------------------------------------------------------------------+------------------+----------------+
|  system_wrapper_i/system_i/processing_system7_0/inst/FCLK_CLK0 | system_wrapper_i/system_i/axi_interconnect_0/s00_couplers/auto_pc/inst/gen_axilite.gen_b2s_conv.axilite_b2s/WR.b_channel_0/bresp_push   |                                                                                                                                         |                1 |              2 |
|  system_wrapper_i/system_i/processing_system7_0/inst/FCLK_CLK0 | system_wrapper_i/system_i/axi_interconnect_0/s00_couplers/auto_pc/n_0_axlen_cnt[3]_i_1__1                                               |                                                                                                                                         |                1 |              4 |
|  system_wrapper_i/system_i/processing_system7_0/inst/FCLK_CLK0 | system_wrapper_i/system_i/axi_interconnect_0/s00_couplers/auto_pc/n_0_axlen_cnt[3]_i_1__0                                               | system_wrapper_i/system_i/axi_interconnect_0/s00_couplers/auto_pc/n_0_axlen_cnt[7]_i_1__0                                               |                1 |              4 |
|  system_wrapper_i/system_i/processing_system7_0/inst/FCLK_CLK0 | system_wrapper_i/system_i/axi_interconnect_0/s00_couplers/auto_pc/n_0_axlen_cnt[3]_i_1__0                                               |                                                                                                                                         |                2 |              4 |
|  system_wrapper_i/system_i/processing_system7_0/inst/FCLK_CLK0 | system_wrapper_i/system_i/axi_interconnect_0/s00_couplers/auto_pc/n_0_axlen_cnt[3]_i_1                                                  |                                                                                                                                         |                1 |              4 |
|  clk                                                           | vga_i/i_convert_444_422/n_0_r2_out[8]_i_1                                                                                               |                                                                                                                                         |                3 |              5 |
|  clk                                                           | vga_i/i_vga_generator/O22                                                                                                               |                                                                                                                                         |                2 |              6 |
|  clk                                                           | vga_i/i_vga_generator/p_7_in                                                                                                            |                                                                                                                                         |                2 |              6 |
|  clk                                                           | vga_i/i_vga_generator/p_1_in                                                                                                            |                                                                                                                                         |                2 |              6 |
|  clk                                                           | vga_i/i_vga_generator/p_6_in                                                                                                            |                                                                                                                                         |                2 |              6 |
|  clk                                                           | vga_i/i_vga_generator/p_2_in                                                                                                            |                                                                                                                                         |                2 |              6 |
|  clk                                                           | vga_i/i_vga_generator/p_3_in                                                                                                            |                                                                                                                                         |                2 |              6 |
|  clk                                                           | vga_i/i_vga_generator/p_9_in                                                                                                            |                                                                                                                                         |                2 |              6 |
|  clk                                                           | vga_i/i_vga_generator/p_5_in                                                                                                            |                                                                                                                                         |                2 |              6 |
|  clk                                                           | vga_i/i_hdmi_ddr_output/i_i2c_sender/n_0_address[5]_i_1                                                                                 |                                                                                                                                         |                2 |              6 |
|  clk                                                           | vga_i/i_vga_generator/p_8_in                                                                                                            |                                                                                                                                         |                2 |              6 |
|  clk                                                           | vga_i/i_vga_generator/p_10_in                                                                                                           |                                                                                                                                         |                2 |              6 |
|  clk                                                           | vga_i/i_vga_generator/O21                                                                                                               |                                                                                                                                         |                3 |              6 |
|  clk                                                           | vga_i/i_vga_generator/p_4_in                                                                                                            |                                                                                                                                         |                2 |              6 |
|  system_wrapper_i/system_i/processing_system7_0/inst/FCLK_CLK0 | system_wrapper_i/system_i/axi_interconnect_0/s00_couplers/auto_pc/n_0_axlen_cnt[7]_i_1                                                  |                                                                                                                                         |                2 |              8 |
|  system_wrapper_i/system_i/processing_system7_0/inst/FCLK_CLK0 | system_wrapper_i/system_i/axi_interconnect_0/s00_couplers/auto_pc/n_0_axaddr_wrap[11]_i_1                                               |                                                                                                                                         |                3 |              8 |
|  clk                                                           | vga_i/i_hdmi_ddr_output/i_i2c_sender/n_0_divider[7]_i_1                                                                                 |                                                                                                                                         |                3 |              8 |
|  system_wrapper_i/system_i/processing_system7_0/inst/FCLK_CLK0 | system_wrapper_i/system_i/axi_interconnect_0/s00_couplers/auto_pc/n_0_axaddr_wrap[11]_i_1__0                                            |                                                                                                                                         |                3 |              8 |
|  system_wrapper_i/system_i/processing_system7_0/inst/FCLK_CLK0 |                                                                                                                                         | system_wrapper_i/system_i/axi_interconnect_0/s00_couplers/auto_pc/n_0_areset_d1_i_1                                                     |                3 |              8 |
|  system_wrapper_i/system_i/processing_system7_0/inst/FCLK_CLK0 | system_wrapper_i/system_i/axi_interconnect_0/s00_couplers/auto_pc/n_0_wrap_boundary_axaddr_r[11]_i_1__0                                 |                                                                                                                                         |                3 |              8 |
|  system_wrapper_i/system_i/processing_system7_0/inst/FCLK_CLK0 | system_wrapper_i/system_i/axi_interconnect_0/s00_couplers/auto_pc/n_0_wrap_boundary_axaddr_r[11]_i_1                                    |                                                                                                                                         |                4 |              8 |
|  system_wrapper_i/system_i/processing_system7_0/inst/FCLK_CLK0 | system_wrapper_i/system_i/axi_interconnect_0/s00_couplers/auto_pc/inst/gen_axilite.gen_b2s_conv.axilite_b2s/WR.b_channel_0/mhandshake_r | system_wrapper_i/system_i/axi_interconnect_0/s00_couplers/auto_pc/inst/gen_axilite.gen_b2s_conv.axilite_b2s/WR.b_channel_0/s_bresp_acc0 |                2 |              8 |
|  system_wrapper_i/system_i/processing_system7_0/inst/FCLK_CLK0 | system_wrapper_i/system_i/axi_interconnect_0/s00_couplers/auto_pc/n_0_axaddr_incr[0]_i_1                                                |                                                                                                                                         |                2 |              8 |
|  system_wrapper_i/system_i/processing_system7_0/inst/FCLK_CLK0 | system_wrapper_i/system_i/axi_interconnect_0/s00_couplers/auto_pc/n_0_axaddr_incr[0]_i_1__0                                             |                                                                                                                                         |                2 |              8 |
|  clk                                                           | vga_i/i_hdmi_ddr_output/i_i2c_sender/n_0_initial_pause[7]_i_1                                                                           |                                                                                                                                         |                3 |              8 |
|  system_wrapper_i/system_i/processing_system7_0/inst/FCLK_CLK0 |                                                                                                                                         | system_wrapper_i/system_i/axi_bram_8reg_0/p_0_in                                                                                        |                4 |              9 |
|  clk                                                           | vga_i/i_vga_generator/n_0_vcounter[0]_i_1                                                                                               |                                                                                                                                         |                4 |             12 |
|  system_wrapper_i/system_i/processing_system7_0/inst/FCLK_CLK0 | system_wrapper_i/system_i/axi_interconnect_0/s00_couplers/auto_pc/inst/gen_axilite.gen_b2s_conv.axilite_b2s/RD.r_channel_0/r_push_r     |                                                                                                                                         |                4 |             13 |
|  system_wrapper_i/system_i/processing_system7_0/inst/FCLK_CLK0 | system_wrapper_i/system_i/axi_interconnect_0/s00_couplers/auto_pc/inst/gen_axilite.gen_b2s_conv.axilite_b2s/si_rs_bready                |                                                                                                                                         |                4 |             14 |
|  system_wrapper_i/system_i/processing_system7_0/inst/FCLK_CLK0 | system_wrapper_i/system_i/axi_interconnect_0/s00_couplers/auto_pc/inst/gen_axilite.gen_b2s_conv.axilite_b2s/SI_REG/b_pipe/p_1_in        |                                                                                                                                         |                3 |             14 |
|  system_wrapper_i/system_i/processing_system7_0/inst/FCLK_CLK0 | system_wrapper_i/system_i/axi_interconnect_0/s00_couplers/auto_pc/inst/gen_axilite.gen_b2s_conv.axilite_b2s/b_push                      |                                                                                                                                         |                3 |             20 |
|  clk                                                           | system_wrapper_i/system_i/axi_bram_8reg_0/valid                                                                                         |                                                                                                                                         |               10 |             25 |
|  clk                                                           | vga_i/i_hdmi_ddr_output/i_i2c_sender/n_0_busy_sr[28]_i_2                                                                                | vga_i/i_hdmi_ddr_output/i_i2c_sender/n_0_clk_first_quarter[27]_i_1                                                                      |                6 |             27 |
|  system_wrapper_i/system_i/processing_system7_0/inst/FCLK_CLK0 | system_wrapper_i/system_i/axi_interconnect_0/s00_couplers/auto_pc/inst/gen_axilite.gen_b2s_conv.axilite_b2s/SI_REG/ar_pipe/p_1_in       |                                                                                                                                         |                5 |             28 |
|  system_wrapper_i/system_i/processing_system7_0/inst/FCLK_CLK0 | system_wrapper_i/system_i/axi_interconnect_0/s00_couplers/auto_pc/inst/gen_axilite.gen_b2s_conv.axilite_b2s/SI_REG/aw_pipe/p_1_in       |                                                                                                                                         |                9 |             28 |
|  system_wrapper_i/system_i/processing_system7_0/inst/FCLK_CLK0 | system_wrapper_i/system_i/axi_interconnect_0/s00_couplers/auto_pc/s_axi_awready                                                         |                                                                                                                                         |                8 |             28 |
|  system_wrapper_i/system_i/processing_system7_0/inst/FCLK_CLK0 | system_wrapper_i/system_i/axi_interconnect_0/s00_couplers/auto_pc/s_axi_arready                                                         |                                                                                                                                         |                5 |             28 |
|  clk                                                           | vga_i/i_hdmi_ddr_output/i_i2c_sender/n_0_busy_sr[28]_i_2                                                                                | vga_i/i_hdmi_ddr_output/i_i2c_sender/n_0_busy_sr[28]_i_1                                                                                |                5 |             29 |
|  system_wrapper_i/system_i/processing_system7_0/inst/FCLK_CLK0 | system_wrapper_i/system_i/axi_bram_8reg_0/inst/axi_bram_8reg_v1_0_S00_AXI_inst/slv_reg_rden                                             | system_wrapper_i/system_i/axi_bram_8reg_0/p_0_in                                                                                        |               28 |             32 |
|  system_wrapper_i/system_i/processing_system7_0/inst/FCLK_CLK0 | system_wrapper_i/system_i/axi_interconnect_0/s00_couplers/auto_pc/inst/gen_axilite.gen_b2s_conv.axilite_b2s/RD.r_channel_0/wr_en0       |                                                                                                                                         |                9 |             34 |
|  system_wrapper_i/system_i/processing_system7_0/inst/FCLK_CLK0 | system_wrapper_i/system_i/axi_interconnect_0/s00_couplers/auto_pc/inst/gen_axilite.gen_b2s_conv.axilite_b2s/si_rs_rready                |                                                                                                                                         |               15 |             47 |
|  system_wrapper_i/system_i/processing_system7_0/inst/FCLK_CLK0 | system_wrapper_i/system_i/axi_interconnect_0/s00_couplers/auto_pc/inst/gen_axilite.gen_b2s_conv.axilite_b2s/SI_REG/r_pipe/p_1_in        |                                                                                                                                         |               15 |             47 |
|  system_wrapper_i/system_i/processing_system7_0/inst/FCLK_CLK0 |                                                                                                                                         | system_wrapper_i/system_i/axi_interconnect_0/s00_couplers/auto_pc/inst/gen_axilite.gen_b2s_conv.axilite_b2s/areset_d1                   |               21 |             71 |
|  clk                                                           |                                                                                                                                         |                                                                                                                                         |               74 |            152 |
|  system_wrapper_i/system_i/processing_system7_0/inst/FCLK_CLK0 |                                                                                                                                         |                                                                                                                                         |              130 |            352 |
+----------------------------------------------------------------+-----------------------------------------------------------------------------------------------------------------------------------------+-----------------------------------------------------------------------------------------------------------------------------------------+------------------+----------------+


